MSBUILD : error MSB1008: Only one project can be specified.
    Full command line: 'C:\Program Files\dotnet\sdk\10.0.401\MSBuild.exe -maxcpucount --verbosity:m -tlp:default=auto --property:VSTestLogger="console%3bverbosity=normal" --property:VSTestNoLogo=true --property:NuGetInteractive=false --property:VSTestArtifactsProcessingMode=collect --property:VSTestSessionCorrelationId=16336_dfc7038e-6751-443b-b747-72e4a89119b1 --restoreProperty:VSTestLogger="console%3bverbosity=normal" --restoreProperty:VSTestNoLogo=true --restoreProperty:NuGetInteractive=false --restoreProperty:VSTestArtifactsProcessingMode=collect --restoreProperty:VSTestSessionCorrelationId=16336_dfc7038e-6751-443b-b747-72e4a89119b1 --restoreProperty:EnableDefaultCompileItems=false --restoreProperty:EnableDefaultEmbeddedResourceItems=false --restoreProperty:EnableDefaultNoneItems=false --target:VSTest --nologo -nodereuse:false SingularityHub.Tests/SingularityHub.Tests.csproj * -restore -distributedlogger:Microsoft.DotNet.Cli.Commands.MSBuild.MSBuildLogger,C:\Program Files\dotnet\sdk\10.0.401\dotnet.dll*Microsoft.DotNet.Cli.Commands.MSBuild.MSBuildForwardingLogger,C:\Program Files\dotnet\sdk\10.0.401\dotnet.dll'
  Switches appended by response files:
Switch: *

For switch syntax, type "MSBuild -help"
